// Jest Snapshot v1, https://goo.gl/fbAQLP

exports[`LeaderBoard Component matches snapshot when populated with NFTs 1`] = `
<DocumentFragment>
  <div
    class="sc-FEMpB tVkqj"
  >
    <h2
      class="sc-gjcoXW evecgK"
    >
      Leaderboard
    </h2>
    <ul
      class="sc-dVBluf cmzpOe"
    >
      <li
        class="sc-fLDLck hVKosL"
      >
        <div
          class="sc-dycHyt gojcEs"
        >
          <span
            class="sc-jbAkgO dfZwmq"
          >
            1
          </span>
          <img
            alt="yakugakusei.eth"
            class="sc-gNZgCX cambCd"
            src="https://ipfs.io/ipfs/QmTUefEyqzfSugwvbCnTjzRdFvp4L5yA6qjEx1yspsr17z"
          />
          <a
            class="sc-kfeOyU PACFW"
            data-discover="true"
            href="/user/0xF222f955Ecced246f3181d14fB4629469cEB7681"
          >
            yakugakusei.eth
          </a>
        </div>
        <div
          class="sc-hRDKVd iPvKte"
        >
          <span
            class="sc-jBIHhB fIsVVr"
          >
             ðŸ”¥ 248 
          </span>
          <span
            class="sc-cMqPwU gcPAsU"
          >
             169164 XP 
          </span>
          <span
            class="sc-jUkaYT kRKbRX"
          >
            ðŸŽ– 41
          </span>
        </div>
      </li>
      <li
        class="sc-fLDLck hVKosL"
      >
        <div
          class="sc-dycHyt gojcEs"
        >
          <span
            class="sc-jbAkgO dfZwmq"
          >
            2
          </span>
          <img
            alt="user2.eth"
            class="sc-gNZgCX cambCd"
            src="https://ipfs.io/ipfs/QmExampleCid2"
          />
          <a
            class="sc-kfeOyU PACFW"
            data-discover="true"
            href="/user/0x1234567890abcdef1234567890abcdef12345678"
          >
            user2.eth
          </a>
        </div>
        <div
          class="sc-hRDKVd iPvKte"
        >
          <span
            class="sc-jBIHhB fIsVVr"
          >
             ðŸ”¥ 150 
          </span>
          <span
            class="sc-cMqPwU gcPAsU"
          >
             120000 XP 
          </span>
          <span
            class="sc-jUkaYT kRKbRX"
          >
            ðŸŽ– 30
          </span>
        </div>
      </li>
    </ul>
  </div>
</DocumentFragment>
`;

exports[`LeaderBoard Component matches snapshot when populated without NFTs 1`] = `
<DocumentFragment>
  <div
    class="sc-FEMpB tVkqj"
  >
    <h2
      class="sc-gjcoXW evecgK"
    >
      Leaderboard
    </h2>
    <ul
      class="sc-dVBluf cmzpOe"
    >
      <li
        class="sc-fLDLck hVKosL"
      >
        <div
          class="sc-dycHyt gojcEs"
        >
          <span
            class="sc-jbAkgO dfZwmq"
          >
            1
          </span>
          <img
            alt="yakugakusei.eth"
            class="sc-gNZgCX cambCd"
            src="https://ipfs.io/ipfs/QmTUefEyqzfSugwvbCnTjzRdFvp4L5yA6qjEx1yspsr17z"
          />
          <a
            class="sc-kfeOyU PACFW"
            data-discover="true"
            href="/user/0xF222f955Ecced246f3181d14fB4629469cEB7681"
          >
            yakugakusei.eth
          </a>
        </div>
        <div
          class="sc-hRDKVd iPvKte"
        >
          <span
            class="sc-jBIHhB fIsVVr"
          >
             ðŸ”¥ 248 
          </span>
          <span
            class="sc-cMqPwU gcPAsU"
          >
             169164 XP 
          </span>
          <span
            class="sc-jUkaYT kRKbRX"
          >
            ðŸŽ– 41
          </span>
        </div>
      </li>
      <li
        class="sc-fLDLck hVKosL"
      >
        <div
          class="sc-dycHyt gojcEs"
        >
          <span
            class="sc-jbAkgO dfZwmq"
          >
            2
          </span>
          <img
            alt="user2.eth"
            class="sc-gNZgCX cambCd"
            src="https://ipfs.io/ipfs/QmExampleCid2"
          />
          <a
            class="sc-kfeOyU PACFW"
            data-discover="true"
            href="/user/0x1234567890abcdef1234567890abcdef12345678"
          >
            user2.eth
          </a>
        </div>
        <div
          class="sc-hRDKVd iPvKte"
        >
          <span
            class="sc-jBIHhB fIsVVr"
          >
             ðŸ”¥ 150 
          </span>
          <span
            class="sc-cMqPwU gcPAsU"
          >
             120000 XP 
          </span>
          <span
            class="sc-jUkaYT kRKbRX"
          >
            ðŸŽ– 30
          </span>
        </div>
      </li>
    </ul>
  </div>
</DocumentFragment>
`;
